bash scripts/verify.sh
make[1]: Entering directory '/workspace/scratch/e553f40bd53b/medlingo'
cd backend && /workspace/scratch/e553f40bd53b/medlingo/.venv/bin/python -m ruff check app ingest tests
All checks passed!
cd backend && /workspace/scratch/e553f40bd53b/medlingo/.venv/bin/python -m mypy app ingest
Success: no issues found in 77 source files
cd frontend && npm run lint
npm warn Unknown env config "http-proxy". This will stop working in the next major version of npm.

> medlingo@0.1.0 lint
> eslint src --ext .ts,.tsx && tsc --noEmit

make[1]: Leaving directory '/workspace/scratch/e553f40bd53b/medlingo'
make[1]: Entering directory '/workspace/scratch/e553f40bd53b/medlingo'
cd backend && /workspace/scratch/e553f40bd53b/medlingo/.venv/bin/python -m pytest --cov=app.engine --cov=ingest --cov-report=term-missing --cov-report=json:../data/coverage.json --cov-fail-under=85
============================= test session starts ==============================
platform linux -- Python 3.12.14, pytest-9.1.1, pluggy-1.6.0
rootdir: /workspace/scratch/e553f40bd53b/medlingo/backend
configfile: pyproject.toml
testpaths: tests
plugins: asyncio-1.4.0, anyio-4.15.1, cov-7.1.0
asyncio: mode=Mode.STRICT, debug=False, asyncio_default_fixture_loop_scope=None, asyncio_default_test_loop_scope=function
collected 94 items

tests/ingest/test_build_bank_fixtures.py ......                          [  6%]
tests/ingest/test_source_adapters.py ...                                 [  9%]
tests/integration/test_api_attempts.py ..                                [ 11%]
tests/integration/test_api_banks.py .                                    [ 12%]
tests/integration/test_api_encounters.py .                               [ 13%]
tests/integration/test_api_questions.py ...........                      [ 25%]
tests/integration/test_api_sessions.py ......                            [ 31%]
tests/integration/test_api_stats.py .                                    [ 32%]
tests/integration/test_persistence_restart.py .                          [ 34%]
tests/unit/test_dedupe.py .                                              [ 35%]
tests/unit/test_distractors.py .                                         [ 36%]
tests/unit/test_gender.py ..                                             [ 38%]
tests/unit/test_generators.py ...........                                [ 50%]
tests/unit/test_normalize.py ..                                          [ 52%]
tests/unit/test_plugins.py .......                                       [ 59%]
tests/unit/test_scheduler.py .....                                       [ 64%]
tests/unit/test_specialty_map.py ..........................              [ 92%]
tests/unit/test_templates.py .......                                     [100%]

=============================== warnings summary ===============================
../.venv/lib/python3.12/site-packages/fastapi/testclient.py:1
  /workspace/scratch/e553f40bd53b/medlingo/.venv/lib/python3.12/site-packages/fastapi/testclient.py:1: StarletteDeprecationWarning: Using `httpx` with `starlette.testclient` is deprecated; install `httpx2` instead.
    from starlette.testclient import TestClient as TestClient  # noqa

../.venv/lib/python3.12/site-packages/starlette/testclient.py:53
  /workspace/scratch/e553f40bd53b/medlingo/.venv/lib/python3.12/site-packages/starlette/testclient.py:53: DeprecationWarning: The anyio.abc.BlockingPortal alias is deprecated, use anyio.from_thread.BlockingPortal instead.
    _PortalFactoryType = Callable[[], AbstractContextManager[anyio.abc.BlockingPortal]]

-- Docs: https://docs.pytest.org/en/stable/how-to/capture-warnings.html
================================ tests coverage ================================
_______________ coverage: platform linux, python 3.12.14-final-0 _______________

Name                                  Stmts   Miss  Cover   Missing
-------------------------------------------------------------------
app/engine/__init__.py                    0      0   100%
app/engine/distractors.py                14      0   100%
app/engine/generators/__init__.py         2      0   100%
app/engine/generators/base.py            17      1    94%   11
app/engine/generators/drag_order.py      10      0   100%
app/engine/generators/drag_slot.py        6      0   100%
app/engine/generators/encounter.py        7      0   100%
app/engine/generators/fill_blank.py       6      0   100%
app/engine/generators/listening.py        6      0   100%
app/engine/generators/mcq.py             10      0   100%
app/engine/hints.py                       4      0   100%
app/engine/normalize.py                  20      0   100%
app/engine/scheduler.py                 111      1    99%   112
app/engine/templates.py                  55      0   100%
ingest/__init__.py                        0      0   100%
ingest/build_bank.py                    127     19    85%   37, 51, 73, 94-95, 118-130, 133
ingest/dedupe.py                         21      0   100%
ingest/fetch.py                          38      0   100%
ingest/gender.py                         20      0   100%
ingest/report.py                         36      2    94%   38-39
ingest/sources/__init__.py                0      0   100%
ingest/sources/base.py                   24      1    96%   25
ingest/sources/curated.py                12      0   100%
ingest/sources/decs.py                   12      0   100%
ingest/sources/medlineplus.py            11      0   100%
ingest/sources/wikidata.py               14      0   100%
ingest/sources/wiktionary.py              9      0   100%
ingest/specialty_map.py                  33      0   100%
-------------------------------------------------------------------
TOTAL                                   625     24    96%
Coverage JSON written to file ../data/coverage.json
Required test coverage of 85% reached. Total coverage: 96.16%
======================= 94 passed, 2 warnings in 11.30s ========================
cd frontend && npm test -- --coverage
npm warn Unknown env config "http-proxy". This will stop working in the next major version of npm.

> medlingo@0.1.0 test
> vitest run --coverage


 RUN  v1.6.1 /workspace/scratch/e553f40bd53b/medlingo/frontend
      Coverage enabled with v8

 ✓ tests/unit/normalize.test.ts  (6 tests) 4ms
 ✓ tests/unit/timer.test.ts  (2 tests) 4ms
 ✓ tests/unit/tts.test.ts  (2 tests) 2ms

 Test Files  3 passed (3)
      Tests  10 passed (10)
   Start at  13:08:01
   Duration  695ms (transform 129ms, setup 0ms, collect 168ms, tests 10ms, environment 992ms, prepare 234ms)

 % Coverage report from v8
-------------------|---------|----------|---------|---------|-------------------
File               | % Stmts | % Branch | % Funcs | % Lines | Uncovered Line #s 
-------------------|---------|----------|---------|---------|-------------------
All files          |   18.75 |    28.57 |   10.97 |   18.75 |                   
 frontend          |       0 |        0 |       0 |       0 |                   
  ...ght.config.ts |       0 |        0 |       0 |       0 | 1-2               
  ...css.config.js |       0 |        0 |       0 |       0 | 1                 
  ...ind.config.ts |       0 |        0 |       0 |       0 | 1                 
 frontend/src      |       0 |        0 |       0 |       0 |                   
  App.tsx          |       0 |        0 |       0 |       0 | 1                 
  main.tsx         |       0 |        0 |       0 |       0 | 1                 
  router.tsx       |       0 |        0 |       0 |       0 | 1-3               
 frontend/src/api  |       0 |      100 |       0 |       0 |                   
  client.ts        |       0 |      100 |       0 |       0 | 1-4               
 ...src/components |       0 |        0 |       0 |       0 |                   
  Feedback.tsx     |       0 |        0 |       0 |       0 | 1-2               
  GiveUpButton.tsx |       0 |        0 |       0 |       0 | 1                 
  HintPanel.tsx    |       0 |        0 |       0 |       0 | 1                 
  ...tionTimer.tsx |       0 |        0 |       0 |       0 | 1                 
  SpeakButton.tsx  |       0 |        0 |       0 |       0 | 1                 
 ...ponents/layout |       0 |        0 |       0 |       0 |                   
  AppShell.tsx     |       0 |        0 |       0 |       0 | 1                 
  Sidebar.tsx      |       0 |        0 |       0 |       0 | 1-3               
  ThemeToggle.tsx  |       0 |        0 |       0 |       0 | 1                 
  TopBar.tsx       |       0 |        0 |       0 |       0 | 1                 
 .../components/ui |       0 |        0 |       0 |       0 |                   
  Badge.tsx        |       0 |        0 |       0 |       0 | 1                 
  Button.tsx       |       0 |        0 |       0 |       0 | 1                 
  Card.tsx         |       0 |        0 |       0 |       0 | 1                 
  Modal.tsx        |       0 |        0 |       0 |       0 | 1                 
  ProgressRing.tsx |       0 |        0 |       0 |       0 | 1                 
  Skeleton.tsx     |       0 |        0 |       0 |       0 | 1                 
  Toast.tsx        |       0 |        0 |       0 |       0 | 1                 
  Tooltip.tsx      |       0 |        0 |       0 |       0 | 1                 
 ...hboard/widgets |       0 |        0 |       0 |       0 |                   
  Accuracy.tsx     |       0 |        0 |       0 |       0 | 1                 
  CorrectTable.tsx |       0 |        0 |       0 |       0 | 1                 
  DailyHeatmap.tsx |       0 |        0 |       0 |       0 | 1                 
  LeechTable.tsx   |       0 |        0 |       0 |       0 | 1                 
  RuntimeCard.tsx  |       0 |        0 |       0 |       0 | 1                 
  ...altyRadar.tsx |       0 |        0 |       0 |       0 | 1                 
  StreakXp.tsx     |       0 |        0 |       0 |       0 | 1                 
  ...stionHist.tsx |       0 |        0 |       0 |       0 | 1                 
  TodayTime.tsx    |       0 |        0 |       0 |       0 | 1                 
  TotalTime.tsx    |       0 |        0 |       0 |       0 | 1                 
  ...BankTrend.tsx |       0 |        0 |       0 |       0 | 1                 
  WrongTable.tsx   |       0 |        0 |       0 |       0 | 1                 
 frontend/src/i18n |     100 |      100 |       0 |     100 |                   
  index.ts         |     100 |      100 |       0 |     100 |                   
 frontend/src/lib  |    87.5 |    76.19 |   33.33 |    87.5 |                   
  format.ts        |       0 |        0 |       0 |       0 | 1                 
  normalize.ts     |     100 |      100 |     100 |     100 |                   
  time.ts          |       0 |        0 |       0 |       0 | 1                 
  tts.ts           |   95.23 |       80 |   33.33 |   95.23 | 21                
 ...tend/src/pages |       0 |        0 |       0 |       0 |                   
  About.tsx        |       0 |        0 |       0 |       0 | 1                 
  Banks.tsx        |       0 |        0 |       0 |       0 | 1-2               
  Dashboard.tsx    |       0 |        0 |       0 |       0 | 1-2               
  ...terPlayer.tsx |       0 |        0 |       0 |       0 | 1                 
  Encounters.tsx   |       0 |        0 |       0 |       0 | 1-2               
  Home.tsx         |       0 |        0 |       0 |       0 | 1-3               
  Review.tsx       |       0 |        0 |       0 |       0 | 1-2               
  ...onSummary.tsx |       0 |        0 |       0 |       0 | 1-2               
  Settings.tsx     |       0 |        0 |       0 |       0 | 1-2               
  StudySession.tsx |       0 |        0 |       0 |       0 | 1-2               
  StudySetup.tsx   |       0 |        0 |       0 |       0 | 1-3               
  TestRunner.tsx   |       0 |        0 |       0 |       0 | 1                 
 ...ins/ai_patient |       0 |        0 |       0 |       0 |                   
  ChatPanel.tsx    |       0 |        0 |       0 |       0 | 1                 
 .../questionTypes |       0 |        0 |       0 |       0 |                   
  DragOrder.tsx    |       0 |        0 |       0 |       0 | 1-3               
  DragSlot.tsx     |       0 |        0 |       0 |       0 | 1-4               
  Encounter.tsx    |       0 |        0 |       0 |       0 | 1-2               
  FillBlank.tsx    |       0 |        0 |       0 |       0 | 1                 
  Listening.tsx    |       0 |        0 |       0 |       0 | 1                 
  Mcq.tsx          |       0 |        0 |       0 |       0 | 1-2               
 ...d/src/registry |       0 |        0 |       0 |       0 |                   
  ...ardWidgets.ts |       0 |        0 |       0 |       0 | 1-14              
  plugins.ts       |       0 |        0 |       0 |       0 | 1-15              
  questionTypes.ts |       0 |        0 |       0 |       0 | 1                 
 ...tend/src/store |   71.42 |    76.92 |      50 |   71.42 |                   
  profile.ts       |     100 |      100 |       0 |     100 |                   
  session.ts       |       0 |        0 |       0 |       0 | 1                 
  settings.ts      |       0 |        0 |       0 |       0 | 1                 
  timer.ts         |     100 |       90 |     100 |     100 | 3                 
-------------------|---------|----------|---------|---------|-------------------
make[1]: Leaving directory '/workspace/scratch/e553f40bd53b/medlingo'
make[1]: Entering directory '/workspace/scratch/e553f40bd53b/medlingo'
cd backend && /workspace/scratch/e553f40bd53b/medlingo/.venv/bin/python -m ingest.build_bank --offline
{
  "terms": 7175,
  "sentences": 14008,
  "encounters": 12,
  "gender_coverage": 0.8614367938605841,
  "pass_": true,
  "pass": true,
  "checks": {
    "total terms": true,
    "sentences": true,
    "12 encounters": true,
    "noun gender >= 85%": true,
    "unique pairs": true,
    "general_medicine terms": true,
    "general_medicine sentences": true,
    "urology terms": true,
    "urology sentences": true,
    "hematology terms": true,
    "hematology sentences": true,
    "cardiology terms": true,
    "cardiology sentences": true,
    "pulmonology terms": true,
    "pulmonology sentences": true,
    "gastroenterology terms": true,
    "gastroenterology sentences": true,
    "neurology terms": true,
    "neurology sentences": true,
    "obgyn terms": true,
    "obgyn sentences": true,
    "pediatrics terms": true,
    "pediatrics sentences": true,
    "emergency terms": true,
    "emergency sentences": true,
    "orthopedics terms": true,
    "orthopedics sentences": true,
    "psychiatry terms": true,
    "psychiatry sentences": true,
    "anatomy terms": true,
    "anatomy sentences": true,
    "patient_phrases terms": true,
    "patient_phrases sentences": true
  }
}
make[1]: Leaving directory '/workspace/scratch/e553f40bd53b/medlingo'
{
  "terms": 7175,
  "sentences": 14008,
  "encounters": 12,
  "gender_coverage": 0.8614367938605841,
  "pass_": true,
  "pass": true,
  "checks": {
    "total terms": true,
    "sentences": true,
    "12 encounters": true,
    "noun gender >= 85%": true,
    "unique pairs": true,
    "general_medicine terms": true,
    "general_medicine sentences": true,
    "urology terms": true,
    "urology sentences": true,
    "hematology terms": true,
    "hematology sentences": true,
    "cardiology terms": true,
    "cardiology sentences": true,
    "pulmonology terms": true,
    "pulmonology sentences": true,
    "gastroenterology terms": true,
    "gastroenterology sentences": true,
    "neurology terms": true,
    "neurology sentences": true,
    "obgyn terms": true,
    "obgyn sentences": true,
    "pediatrics terms": true,
    "pediatrics sentences": true,
    "emergency terms": true,
    "emergency sentences": true,
    "orthopedics terms": true,
    "orthopedics sentences": true,
    "psychiatry terms": true,
    "psychiatry sentences": true,
    "anatomy terms": true,
    "anatomy sentences": true,
    "patient_phrases terms": true,
    "patient_phrases sentences": true
  }
}
make[1]: Entering directory '/workspace/scratch/e553f40bd53b/medlingo'
cd frontend && npm run build
npm warn Unknown env config "http-proxy". This will stop working in the next major version of npm.

> medlingo@0.1.0 build
> tsc --noEmit && vite build

vite v5.4.19 building for production...
transforming...
✓ 2460 modules transformed.
rendering chunks...
[plugin:vite:reporter] [plugin vite:reporter] 
(!) /workspace/scratch/e553f40bd53b/medlingo/frontend/src/pages/Home.tsx is dynamically imported by /workspace/scratch/e553f40bd53b/medlingo/frontend/src/router.tsx but also statically imported by /workspace/scratch/e553f40bd53b/medlingo/frontend/src/router.tsx, dynamic import will not move module into another chunk.

computing gzip size...
dist/index.html                                      0.48 kB │ gzip:   0.32 kB
dist/assets/inter-latin-400-normal-BOOGhInR.woff2   23.69 kB
dist/assets/inter-latin-600-normal-D273HNI0.woff2   24.30 kB
dist/assets/inter-latin-700-normal-Sckx8rpT.woff2   24.35 kB
dist/assets/inter-latin-500-normal-D2bGa7uu.woff2   24.37 kB
dist/assets/inter-latin-400-normal-gitzw0hO.woff    31.20 kB
dist/assets/inter-latin-500-normal-deR1Tlfd.woff    31.77 kB
dist/assets/inter-latin-600-normal-B5cFAncS.woff    31.78 kB
dist/assets/inter-latin-700-normal-B8MtJ_2k.woff    31.83 kB
dist/assets/index-o-fnxlT5.css                      23.42 kB │ gzip:   5.90 kB
dist/assets/EncounterPlayer-CFHCzzCM.js              0.35 kB │ gzip:   0.27 kB
dist/assets/TestRunner-BVUU9vkB.js                   0.44 kB │ gzip:   0.32 kB
dist/assets/About-CYF_i3TF.js                        0.78 kB │ gzip:   0.42 kB
dist/assets/SpeakButton-Cfu1NpPo.js                  0.79 kB │ gzip:   0.52 kB
dist/assets/ChatPanel-VceJNm4e.js                    0.98 kB │ gzip:   0.55 kB
dist/assets/Dashboard-Ds-kRX-Q.js                    1.29 kB │ gzip:   0.70 kB
dist/assets/SessionSummary-BktSUe7z.js               1.63 kB │ gzip:   0.83 kB
dist/assets/Encounters-D9BVgZv9.js                   1.70 kB │ gzip:   0.86 kB
dist/assets/Settings-EBTouA_S.js                     1.84 kB │ gzip:   0.77 kB
dist/assets/Banks-C9V2sLls.js                        1.87 kB │ gzip:   0.73 kB
dist/assets/tts-DRLxqW6I.js                          2.02 kB │ gzip:   1.00 kB
dist/assets/StudySetup-BdBXJ9H3.js                   2.29 kB │ gzip:   1.00 kB
dist/assets/Review-CkSvz4iW.js                       4.52 kB │ gzip:   1.66 kB
dist/assets/StudySession-B2Z6BUVv.js                 6.54 kB │ gzip:   2.56 kB
dist/assets/questionTypes-CFlgWfzL.js               50.86 kB │ gzip:  16.83 kB
dist/assets/index-CHEnuxWz.js                      238.28 kB │ gzip:  78.86 kB
dist/assets/dashboardWidgets-CTorbyo-.js           409.77 kB │ gzip: 109.91 kB
✓ built in 3.69s
make[1]: Leaving directory '/workspace/scratch/e553f40bd53b/medlingo'
make[1]: Entering directory '/workspace/scratch/e553f40bd53b/medlingo'
cd frontend && npm run build
npm warn Unknown env config "http-proxy". This will stop working in the next major version of npm.

> medlingo@0.1.0 build
> tsc --noEmit && vite build

vite v5.4.19 building for production...
transforming...
✓ 2460 modules transformed.
rendering chunks...
[plugin:vite:reporter] [plugin vite:reporter] 
(!) /workspace/scratch/e553f40bd53b/medlingo/frontend/src/pages/Home.tsx is dynamically imported by /workspace/scratch/e553f40bd53b/medlingo/frontend/src/router.tsx but also statically imported by /workspace/scratch/e553f40bd53b/medlingo/frontend/src/router.tsx, dynamic import will not move module into another chunk.

computing gzip size...
dist/index.html                                      0.48 kB │ gzip:   0.32 kB
dist/assets/inter-latin-400-normal-BOOGhInR.woff2   23.69 kB
dist/assets/inter-latin-600-normal-D273HNI0.woff2   24.30 kB
dist/assets/inter-latin-700-normal-Sckx8rpT.woff2   24.35 kB
dist/assets/inter-latin-500-normal-D2bGa7uu.woff2   24.37 kB
dist/assets/inter-latin-400-normal-gitzw0hO.woff    31.20 kB
dist/assets/inter-latin-500-normal-deR1Tlfd.woff    31.77 kB
dist/assets/inter-latin-600-normal-B5cFAncS.woff    31.78 kB
dist/assets/inter-latin-700-normal-B8MtJ_2k.woff    31.83 kB
dist/assets/index-o-fnxlT5.css                      23.42 kB │ gzip:   5.90 kB
dist/assets/EncounterPlayer-CFHCzzCM.js              0.35 kB │ gzip:   0.27 kB
dist/assets/TestRunner-BVUU9vkB.js                   0.44 kB │ gzip:   0.32 kB
dist/assets/About-CYF_i3TF.js                        0.78 kB │ gzip:   0.42 kB
dist/assets/SpeakButton-Cfu1NpPo.js                  0.79 kB │ gzip:   0.52 kB
dist/assets/ChatPanel-VceJNm4e.js                    0.98 kB │ gzip:   0.55 kB
dist/assets/Dashboard-Ds-kRX-Q.js                    1.29 kB │ gzip:   0.70 kB
dist/assets/SessionSummary-BktSUe7z.js               1.63 kB │ gzip:   0.83 kB
dist/assets/Encounters-D9BVgZv9.js                   1.70 kB │ gzip:   0.86 kB
dist/assets/Settings-EBTouA_S.js                     1.84 kB │ gzip:   0.77 kB
dist/assets/Banks-C9V2sLls.js                        1.87 kB │ gzip:   0.73 kB
dist/assets/tts-DRLxqW6I.js                          2.02 kB │ gzip:   1.00 kB
dist/assets/StudySetup-BdBXJ9H3.js                   2.29 kB │ gzip:   1.00 kB
dist/assets/Review-CkSvz4iW.js                       4.52 kB │ gzip:   1.66 kB
dist/assets/StudySession-B2Z6BUVv.js                 6.54 kB │ gzip:   2.56 kB
dist/assets/questionTypes-CFlgWfzL.js               50.86 kB │ gzip:  16.83 kB
dist/assets/index-CHEnuxWz.js                      238.28 kB │ gzip:  78.86 kB
dist/assets/dashboardWidgets-CTorbyo-.js           409.77 kB │ gzip: 109.91 kB
✓ built in 3.68s
/workspace/scratch/e553f40bd53b/medlingo/.venv/bin/python scripts/e2e.py
npm warn Unknown env config "http-proxy". This will stop working in the next major version of npm.

Running 3 tests using 1 worker

(node:419) Warning: The 'NO_COLOR' env is ignored due to the 'FORCE_COLOR' env being set.
(Use `node --trace-warnings ...` to show where the warning was created)
(node:419) Warning: The 'NO_COLOR' env is ignored due to the 'FORCE_COLOR' env being set.
(Use `node --trace-warnings ...` to show where the warning was created)
  ✓  1 tests/e2e/restart_persistence.spec.ts:2:1 › actual process restart preserves progress and increments restart count (1.2s)
  ✓  2 tests/e2e/smoke.spec.ts:3:1 › study, hints, give up, dashboard, review, wrong-only test (4.9s)
  ✓  3 tests/e2e/smoke.spec.ts:24:1 › settings persistence and scripted encounter (1.5s)

  3 passed (8.3s)
make[1]: Leaving directory '/workspace/scratch/e553f40bd53b/medlingo'
{
  "initial_js_gzip_bytes": 78688,
  "seed_bytes": 9113600,
  "budget": "PASS"
}
VERIFY OK
